/Users/vladislavkalinichenko/VSCodeProjects/T-Lab Contests/mechanistic-interpretability/.venv/lib/python3.12/site-packages/transformer_lens/config/hooked_transformer_config.py:383: UserWarning: MPS backend may produce silently incorrect results (PyTorch 2.13.0). Set TRANSFORMERLENS_ALLOW_MPS=1 to suppress this warning. See: https://github.com/TransformerLensOrg/TransformerLens/issues/1178
  warn_if_mps(self.device)
Loading weights:   0%|          | 0/148 [00:00<?, ?it/s]Loading weights: 100%|██████████| 148/148 [00:00<00:00, 4755.77it/s]
Loaded pretrained model gpt2 into HookedTransformer
Loading weights:   0%|          | 0/104 [00:00<?, ?it/s]Loading weights: 100%|██████████| 104/104 [00:00<00:00, 5038.26it/s]
            none alpha=   0.0  ppl=   15.27  d2=0.921  concept=0.618
            none alpha=  20.0  ppl=   19.44  d2=0.908  concept=0.896
            none alpha=  40.0  ppl=   47.66  d2=0.867  concept=0.937
            none alpha=  80.0  ppl=  162.22  d2=0.722  concept=0.983
    none/tangent alpha=   0.0  ppl=   15.27  d2=0.921  concept=0.618
    none/tangent alpha=  20.0  ppl=   24.22  d2=0.910  concept=0.902
    none/tangent alpha=  40.0  ppl=   69.90  d2=0.826  concept=0.950
    none/tangent alpha=  80.0  ppl=  195.55  d2=0.614  concept=0.980
     none/normal alpha=   0.0  ppl=   15.27  d2=0.921  concept=0.618
     none/normal alpha=  20.0  ppl=   18.65  d2=0.903  concept=0.809
     none/normal alpha=  40.0  ppl=   34.11  d2=0.860  concept=0.861
     none/normal alpha=  80.0  ppl=  132.32  d2=0.754  concept=0.912
-> runs/split_sentiment.json
/Library/Frameworks/Python.framework/Versions/3.12/lib/python3.12/multiprocessing/resource_tracker.py:279: UserWarning: resource_tracker: There appear to be 1 leaked semaphore objects to clean up at shutdown
  warnings.warn('resource_tracker: There appear to be %d '
