Loading weights:   0%|          | 0/148 [00:00<?, ?it/s]Loading weights: 100%|██████████| 148/148 [00:00<00:00, 7079.32it/s]
Loaded pretrained model gpt2 into HookedTransformer
runs/mac_screening/screening.html
Loading weights:   0%|          | 0/104 [00:00<?, ?it/s]Loading weights: 100%|██████████| 104/104 [00:00<00:00, 10911.74it/s]
'[Errno 8] nodename nor servname provided, or not known' thrown while requesting HEAD https://huggingface.co/distilbert-base-uncased-finetuned-sst-2-english/resolve/main/processor_config.json
Retrying in 1s [Retry 1/5].
'[Errno 8] nodename nor servname provided, or not known' thrown while requesting HEAD https://huggingface.co/distilbert-base-uncased-finetuned-sst-2-english/resolve/main/processor_config.json
Retrying in 2s [Retry 2/5].
'[Errno 8] nodename nor servname provided, or not known' thrown while requesting HEAD https://huggingface.co/distilbert-base-uncased-finetuned-sst-2-english/resolve/main/processor_config.json
Retrying in 4s [Retry 3/5].
'[Errno 8] nodename nor servname provided, or not known' thrown while requesting HEAD https://huggingface.co/distilbert-base-uncased-finetuned-sst-2-english/resolve/main/processor_config.json
Retrying in 8s [Retry 4/5].
'[Errno 8] nodename nor servname provided, or not known' thrown while requesting HEAD https://huggingface.co/distilbert-base-uncased-finetuned-sst-2-english/resolve/main/processor_config.json
Retrying in 8s [Retry 5/5].
'[Errno 8] nodename nor servname provided, or not known' thrown while requesting HEAD https://huggingface.co/distilbert-base-uncased-finetuned-sst-2-english/resolve/main/processor_config.json
'[Errno 8] nodename nor servname provided, or not known' thrown while requesting HEAD https://huggingface.co/distilbert-base-uncased-finetuned-sst-2-english/resolve/main/video_preprocessor_config.json
Retrying in 1s [Retry 1/5].
'[Errno 8] nodename nor servname provided, or not known' thrown while requesting HEAD https://huggingface.co/distilbert-base-uncased-finetuned-sst-2-english/resolve/main/video_preprocessor_config.json
Retrying in 2s [Retry 2/5].
'[Errno 8] nodename nor servname provided, or not known' thrown while requesting HEAD https://huggingface.co/distilbert-base-uncased-finetuned-sst-2-english/resolve/main/video_preprocessor_config.json
Retrying in 4s [Retry 3/5].
'[Errno 8] nodename nor servname provided, or not known' thrown while requesting HEAD https://huggingface.co/distilbert-base-uncased-finetuned-sst-2-english/resolve/main/video_preprocessor_config.json
Retrying in 8s [Retry 4/5].
'[Errno 8] nodename nor servname provided, or not known' thrown while requesting HEAD https://huggingface.co/distilbert-base-uncased-finetuned-sst-2-english/resolve/main/video_preprocessor_config.json
Retrying in 8s [Retry 5/5].
'[Errno 8] nodename nor servname provided, or not known' thrown while requesting HEAD https://huggingface.co/distilbert-base-uncased-finetuned-sst-2-english/resolve/main/video_preprocessor_config.json
'[Errno 8] nodename nor servname provided, or not known' thrown while requesting HEAD https://huggingface.co/distilbert-base-uncased-finetuned-sst-2-english/resolve/main/preprocessor_config.json
Retrying in 1s [Retry 1/5].
'[Errno 8] nodename nor servname provided, or not known' thrown while requesting HEAD https://huggingface.co/distilbert-base-uncased-finetuned-sst-2-english/resolve/main/preprocessor_config.json
Retrying in 2s [Retry 2/5].
'[Errno 8] nodename nor servname provided, or not known' thrown while requesting HEAD https://huggingface.co/distilbert-base-uncased-finetuned-sst-2-english/resolve/main/preprocessor_config.json
Retrying in 4s [Retry 3/5].
'[Errno 8] nodename nor servname provided, or not known' thrown while requesting HEAD https://huggingface.co/distilbert-base-uncased-finetuned-sst-2-english/resolve/main/preprocessor_config.json
Retrying in 8s [Retry 4/5].
'[Errno 8] nodename nor servname provided, or not known' thrown while requesting HEAD https://huggingface.co/distilbert-base-uncased-finetuned-sst-2-english/resolve/main/preprocessor_config.json
Retrying in 8s [Retry 5/5].
'[Errno 8] nodename nor servname provided, or not known' thrown while requesting HEAD https://huggingface.co/distilbert-base-uncased-finetuned-sst-2-english/resolve/main/preprocessor_config.json
{"method": "INNSteer", "ratio": 0.0, "nll": 2.87371840775013, "property": 0.4996590679883957, "latency_ms": 0.001484382664784789}
{"method": "INNSteer", "ratio": 0.2, "nll": 3.022202857732773, "property": 0.47582375884056094, "latency_ms": 5.07447388372384}
{"method": "INNSteer", "ratio": 0.4, "nll": 3.2364703500270844, "property": 0.482966291308403, "latency_ms": 5.056416630395688}
{"method": "INNSteer", "ratio": 0.6, "nll": 3.3507787549495696, "property": 0.4456541472673416, "latency_ms": 4.913723998470232}
{"method": "INNSteer", "ratio": 0.8, "nll": 3.4986112773418427, "property": 0.5333321076631546, "latency_ms": 7.636328125954606}
{"method": "INNSteer", "ratio": 1.0, "nll": 3.681077810525894, "property": 0.5852510324120521, "latency_ms": 7.580552133731544}
{"method": "INNSteer", "ratio": 1.2, "nll": 3.9813860511779784, "property": 0.5854986977577209, "latency_ms": 4.70393750583753}
{"method": "INNSteer", "ratio": 1.4, "nll": 4.2494127297401425, "property": 0.5883057925105095, "latency_ms": 4.660312508349307}
{"method": "INNSteer", "ratio": 1.6, "nll": 4.504883624315262, "property": 0.6424691534042358, "latency_ms": 4.772426997078583}
{"method": "INNSteer", "ratio": 1.8, "nll": 4.836979168653488, "property": 0.690833931863308, "latency_ms": 5.4259062599157915}
{"method": "INNSteer", "ratio": 2.0, "nll": 5.067674241065979, "property": 0.7417731612920762, "latency_ms": 4.937046876875684}
{"method": "Conditional field / UniSteer", "ratio": 0.0, "nll": 2.87371840775013, "property": 0.4996590679883957, "latency_ms": 23.567073003505357}
{"method": "Conditional field / UniSteer", "ratio": 0.2, "nll": 2.870416176915169, "property": 0.45977427065372467, "latency_ms": 224.16871351015288}
{"method": "Conditional field / UniSteer", "ratio": 0.4, "nll": 2.870416176915169, "property": 0.45977427065372467, "latency_ms": 219.11760425427929}
{"method": "Conditional field / UniSteer", "ratio": 0.6, "nll": 2.870416176915169, "property": 0.45977427065372467, "latency_ms": 236.16827599471435}
{"method": "Conditional field / UniSteer", "ratio": 0.8, "nll": 2.870416176915169, "property": 0.45977427065372467, "latency_ms": 249.5923437527381}
{"method": "Conditional field / UniSteer", "ratio": 1.0, "nll": 2.870416176915169, "property": 0.45977427065372467, "latency_ms": 224.79898961319122}
{"method": "Conditional field / UniSteer", "ratio": 1.2, "nll": 2.870416176915169, "property": 0.45977427065372467, "latency_ms": 226.5245416201651}
{"method": "Conditional field / UniSteer", "ratio": 1.4, "nll": 2.870416176915169, "property": 0.45977427065372467, "latency_ms": 239.59013550484087}
{"method": "Conditional field / UniSteer", "ratio": 1.6, "nll": 2.870416176915169, "property": 0.45977427065372467, "latency_ms": 250.079630248365}
{"method": "Conditional field / UniSteer", "ratio": 1.8, "nll": 2.870416176915169, "property": 0.45977427065372467, "latency_ms": 244.15255199710373}
{"method": "Conditional field / UniSteer", "ratio": 2.0, "nll": 2.870416176915169, "property": 0.45977427065372467, "latency_ms": 243.79186987061985}
