Loading weights:   0%|          | 0/148 [00:00<?, ?it/s]Loading weights: 100%|██████████| 148/148 [00:00<00:00, 6342.86it/s]
/Users/vladislavkalinichenko/VSCodeProjects/T-Lab Contests/mechanistic-interpretability/.venv/lib/python3.12/site-packages/torch/_lowrank.py:173: UserWarning: The operator 'aten::linalg_svd' is not currently supported on the MPS backend and will fall back to run on the CPU. This may have performance implications. (Triggered internally at /Users/runner/work/pytorch/pytorch/aten/src/ATen/mps/MPSFallback.mm:34.)
  U, S, Vh = torch.linalg.svd(B, full_matrices=False)
Loaded pretrained model gpt2 into HookedTransformer
runs/mac_screening/screening.html
Loading weights:   0%|          | 0/104 [00:00<?, ?it/s]Loading weights: 100%|██████████| 104/104 [00:00<00:00, 13189.64it/s]
{"method": "Additive MSE simple", "ratio": 0.0, "nll": 2.9354969277977943, "property": 0.45764716565608976, "latency_ms": 19.619661499746144}
{"method": "Additive MSE simple", "ratio": 0.2, "nll": 3.1193745589256285, "property": 0.6818089011311531, "latency_ms": 0.2431302418699488}
{"method": "Additive MSE simple", "ratio": 0.4, "nll": 3.436304214000702, "property": 0.7894214516878129, "latency_ms": 0.17953650967683643}
{"method": "Additive MSE simple", "ratio": 0.6, "nll": 4.125615895986557, "property": 0.8949743345379829, "latency_ms": 0.14211461530067027}
{"method": "Additive MSE simple", "ratio": 0.8, "nll": 4.717371863126755, "property": 0.9581793355941772, "latency_ms": 0.13739062706008554}
{"method": "Additive MSE simple", "ratio": 1.0, "nll": 5.345908218622208, "property": 0.9682123574614525, "latency_ms": 0.16725511522963643}
{"method": "Additive MSE simple", "ratio": 1.2, "nll": 5.8715570497512815, "property": 0.9756946375966072, "latency_ms": 0.13009374379180372}
{"method": "Additive MSE simple", "ratio": 1.4, "nll": 6.0589260280132295, "property": 0.9952669411897659, "latency_ms": 0.14860938244964927}
{"method": "Additive MSE simple", "ratio": 1.6, "nll": 6.304784121513367, "property": 0.9994820895791053, "latency_ms": 0.18714062753133476}
{"method": "Additive MSE simple", "ratio": 1.8, "nll": 6.321857852935791, "property": 0.9992329186201095, "latency_ms": 0.1547865103930235}
{"method": "Additive MSE simple", "ratio": 2.0, "nll": 6.486785569190979, "property": 0.9997211536765098, "latency_ms": 0.14960412227082998}
{"method": "Additive MSE capacity", "ratio": 0.0, "nll": 3.1386168122291567, "property": 0.4983969408273697, "latency_ms": 1.6790312511147931}
{"method": "Additive MSE capacity", "ratio": 0.2, "nll": 3.3284293353557586, "property": 0.7109520062804222, "latency_ms": 0.9848541230894625}
{"method": "Additive MSE capacity", "ratio": 0.4, "nll": 3.704480003118515, "property": 0.8216340291500092, "latency_ms": 1.7876458732644096}
{"method": "Additive MSE capacity", "ratio": 0.6, "nll": 4.3007357609272, "property": 0.8972290042042732, "latency_ms": 1.7095363728003576}
{"method": "Additive MSE capacity", "ratio": 0.8, "nll": 4.833862074613571, "property": 0.947007123529911, "latency_ms": 1.6528958803974092}
{"method": "Additive MSE capacity", "ratio": 1.0, "nll": 5.329935324192047, "property": 0.9771124818921089, "latency_ms": 1.7300000035902485}
{"method": "Additive MSE capacity", "ratio": 1.2, "nll": 5.881859383583069, "property": 0.9800720584392547, "latency_ms": 1.7279531166423112}
{"method": "Additive MSE capacity", "ratio": 1.4, "nll": 6.016233339309692, "property": 0.9989060711860657, "latency_ms": 1.5325781278079376}
{"method": "Additive MSE capacity", "ratio": 1.6, "nll": 6.21914430141449, "property": 0.9942946147918701, "latency_ms": 1.3474114966811612}
{"method": "Additive MSE capacity", "ratio": 1.8, "nll": 6.296563313007355, "property": 0.9994631478190422, "latency_ms": 1.2767500011250377}
{"method": "Additive MSE capacity", "ratio": 2.0, "nll": 6.274328832626343, "property": 0.9943162867426872, "latency_ms": 1.7224531184183434}
{"method": "Interpolation MSE", "ratio": 0.0, "nll": 2.839381805062294, "property": 0.5386863508820534, "latency_ms": 4.581354121910408}
{"method": "Interpolation MSE", "ratio": 0.2, "nll": 2.98019345164299, "property": 0.6242200192809105, "latency_ms": 0.9050990047398955}
{"method": "Interpolation MSE", "ratio": 0.4, "nll": 3.356919805407524, "property": 0.8213778746128082, "latency_ms": 0.9146875090664253}
{"method": "Interpolation MSE", "ratio": 0.6, "nll": 4.0934230482578275, "property": 0.9201057389378547, "latency_ms": 0.9502916218480095}
{"method": "Interpolation MSE", "ratio": 0.8, "nll": 4.794869995117187, "property": 0.951891368329525, "latency_ms": 1.0300208668923005}
{"method": "Interpolation MSE", "ratio": 1.0, "nll": 5.413979597091675, "property": 0.99439293384552, "latency_ms": 1.107666626921855}
{"method": "Interpolation MSE", "ratio": 1.2, "nll": 5.744433500766754, "property": 0.9904366612434388, "latency_ms": 1.1771146237151697}
{"method": "Interpolation MSE", "ratio": 1.4, "nll": 6.019129204750061, "property": 0.9993013361096382, "latency_ms": 1.3256927486509085}
{"method": "Interpolation MSE", "ratio": 1.6, "nll": 6.165375461578369, "property": 0.9996490541100502, "latency_ms": 1.2069636140950024}
{"method": "Interpolation MSE", "ratio": 1.8, "nll": 6.320879456996917, "property": 0.9996356716752053, "latency_ms": 1.0964009998133406}
{"method": "Interpolation MSE", "ratio": 2.0, "nll": 6.48514570236206, "property": 0.9997803384065628, "latency_ms": 1.2641667563002557}
{"method": "GLP 20 steps", "ratio": 0.0, "nll": 2.888443695306778, "property": 0.4754458099603653, "latency_ms": 16.04166674951557}
{"method": "GLP 20 steps", "ratio": 0.2, "nll": 2.931494880318642, "property": 0.6532713931798935, "latency_ms": 10.793776120408438}
{"method": "GLP 20 steps", "ratio": 0.4, "nll": 3.305981705188751, "property": 0.8293112891912461, "latency_ms": 10.344609370804392}
{"method": "GLP 20 steps", "ratio": 0.6, "nll": 4.052967945337295, "property": 0.916096661388874, "latency_ms": 10.490828135516495}
{"method": "GLP 20 steps", "ratio": 0.8, "nll": 4.755668382644654, "property": 0.9327256289124489, "latency_ms": 10.20921349117998}
{"method": "GLP 20 steps", "ratio": 1.0, "nll": 5.322243114709854, "property": 0.9620604640245438, "latency_ms": 10.750187502708286}
{"method": "GLP 20 steps", "ratio": 1.2, "nll": 5.836220321655273, "property": 0.9987404760718346, "latency_ms": 10.281301991199143}
{"method": "GLP 20 steps", "ratio": 1.4, "nll": 6.074912798404694, "property": 0.9942179083824157, "latency_ms": 10.365526119130664}
{"method": "GLP 20 steps", "ratio": 1.6, "nll": 6.224036064147949, "property": 0.9947307670116424, "latency_ms": 10.139474004972726}
{"method": "GLP 20 steps", "ratio": 1.8, "nll": 6.3705580615997315, "property": 0.9994087147712708, "latency_ms": 10.33274999645073}
{"method": "GLP 20 steps", "ratio": 2.0, "nll": 6.402361351251602, "property": 0.9995374223589897, "latency_ms": 10.65897912485525}
{"method": "GLP one Euler", "ratio": 0.0, "nll": 2.871831213235855, "property": 0.44686447590589523, "latency_ms": 1.9206666329409927}
{"method": "GLP one Euler", "ratio": 0.2, "nll": 2.9467812573909757, "property": 0.6339933717250824, "latency_ms": 1.3739427522523329}
{"method": "GLP one Euler", "ratio": 0.4, "nll": 3.3139623165130616, "property": 0.8094642433524132, "latency_ms": 1.317390619078651}
{"method": "GLP one Euler", "ratio": 0.6, "nll": 4.075293292999268, "property": 0.9002982166409492, "latency_ms": 1.3060832425253466}
{"method": "GLP one Euler", "ratio": 0.8, "nll": 4.7560706615448, "property": 0.9362863555550576, "latency_ms": 1.3842863700119779}
{"method": "GLP one Euler", "ratio": 1.0, "nll": 5.316058906316758, "property": 0.9630379700660705, "latency_ms": 1.3349271175684407}
{"method": "GLP one Euler", "ratio": 1.2, "nll": 5.902789814472198, "property": 0.9941868096590042, "latency_ms": 1.5020156279206276}
{"method": "GLP one Euler", "ratio": 1.4, "nll": 6.042159459590912, "property": 0.9902301988005638, "latency_ms": 1.5045886248117313}
{"method": "GLP one Euler", "ratio": 1.6, "nll": 6.246867301464081, "property": 0.9988931784033775, "latency_ms": 1.4069114986341447}
{"method": "GLP one Euler", "ratio": 1.8, "nll": 6.362554318904877, "property": 0.999411032795906, "latency_ms": 1.4999999984866008}
{"method": "GLP one Euler", "ratio": 2.0, "nll": 6.391630774736404, "property": 0.999619891345501, "latency_ms": 1.440624997485429}
{"method": "Consistency", "ratio": 0.0, "nll": 2.8649677449464797, "property": 0.49313354313373564, "latency_ms": 13.681046868441626}
{"method": "Consistency", "ratio": 0.2, "nll": 2.966874836087227, "property": 0.622553730905056, "latency_ms": 0.33965100010391325}
{"method": "Consistency", "ratio": 0.4, "nll": 3.355976111292839, "property": 0.810192602276802, "latency_ms": 0.3333228814881295}
{"method": "Consistency", "ratio": 0.6, "nll": 4.080138537883759, "property": 0.887908265888691, "latency_ms": 0.35479688085615635}
{"method": "Consistency", "ratio": 0.8, "nll": 4.780014539957047, "property": 0.9195424616336823, "latency_ms": 0.42560938163660467}
{"method": "Consistency", "ratio": 1.0, "nll": 5.399370787143707, "property": 0.9690534555912018, "latency_ms": 0.32813011785037816}
{"method": "Consistency", "ratio": 1.2, "nll": 5.857477173805237, "property": 0.9839655214548111, "latency_ms": 0.2890052419388667}
{"method": "Consistency", "ratio": 1.4, "nll": 6.120527021884918, "property": 0.9741374781727791, "latency_ms": 0.3966354997828603}
{"method": "Consistency", "ratio": 1.6, "nll": 6.316581830978394, "property": 0.9942667689919472, "latency_ms": 0.287869741441682}
{"method": "Consistency", "ratio": 1.8, "nll": 6.423287301063538, "property": 0.9978708285093307, "latency_ms": 0.6021457520546392}
{"method": "Consistency", "ratio": 2.0, "nll": 6.362752764225006, "property": 0.9996085992455482, "latency_ms": 0.6726667488692328}
{"method": "Rectified 1 step", "ratio": 0.0, "nll": 2.8897242021560667, "property": 0.48974348276853563, "latency_ms": 0.8090781193459406}
{"method": "Rectified 1 step", "ratio": 0.2, "nll": 2.963580221533775, "property": 0.6464268365502357, "latency_ms": 0.302494881907478}
{"method": "Rectified 1 step", "ratio": 0.4, "nll": 3.3869938427209854, "property": 0.8249274507164955, "latency_ms": 0.305229244986549}
{"method": "Rectified 1 step", "ratio": 0.6, "nll": 4.021879481077194, "property": 0.9307286357879638, "latency_ms": 0.6941510073374957}
{"method": "Rectified 1 step", "ratio": 0.8, "nll": 4.703136261701584, "property": 0.9395122703909874, "latency_ms": 0.5974531231913716}
{"method": "Rectified 1 step", "ratio": 1.0, "nll": 5.379610928297043, "property": 0.9655245754122734, "latency_ms": 0.28676037618424743}
{"method": "Rectified 1 step", "ratio": 1.2, "nll": 5.762363073825836, "property": 0.9826340180635452, "latency_ms": 0.31197399948723614}
{"method": "Rectified 1 step", "ratio": 1.4, "nll": 6.126486165523529, "property": 0.9796964964270591, "latency_ms": 0.7510728755732998}
{"method": "Rectified 1 step", "ratio": 1.6, "nll": 6.2378812241554265, "property": 0.9950159513950347, "latency_ms": 0.6771302432753146}
{"method": "Rectified 1 step", "ratio": 1.8, "nll": 6.407719910144806, "property": 0.9995452192425728, "latency_ms": 0.6243333773454651}
{"method": "Rectified 1 step", "ratio": 2.0, "nll": 6.443288807868957, "property": 0.9949032074213028, "latency_ms": 0.6805729935877025}
{"method": "Rectified 2 steps", "ratio": 0.0, "nll": 2.882597476840019, "property": 0.4979466560482979, "latency_ms": 1.5225156239466742}
{"method": "Rectified 2 steps", "ratio": 0.2, "nll": 2.9723866462707518, "property": 0.6361304697394371, "latency_ms": 0.9324896236648783}
{"method": "Rectified 2 steps", "ratio": 0.4, "nll": 3.38273657143116, "property": 0.8237092182040214, "latency_ms": 0.9339374955743551}
{"method": "Rectified 2 steps", "ratio": 0.6, "nll": 4.027282222509384, "property": 0.9023699870705605, "latency_ms": 0.9381146228406578}
{"method": "Rectified 2 steps", "ratio": 0.8, "nll": 4.707349054813385, "property": 0.9501411631703377, "latency_ms": 0.5811823648400605}
{"method": "Rectified 2 steps", "ratio": 1.0, "nll": 5.380772023200989, "property": 0.9722397726774216, "latency_ms": 1.0096769983647391}
{"method": "Rectified 2 steps", "ratio": 1.2, "nll": 5.765530316829682, "property": 0.9780532675981521, "latency_ms": 0.6230103754205629}
{"method": "Rectified 2 steps", "ratio": 1.4, "nll": 6.129229896068573, "property": 0.9797513538599014, "latency_ms": 0.9317707445006818}
{"method": "Rectified 2 steps", "ratio": 1.6, "nll": 6.258991389274597, "property": 0.9893567469716072, "latency_ms": 0.9761302499100566}
{"method": "Rectified 2 steps", "ratio": 1.8, "nll": 6.402632517814636, "property": 0.9995445591211319, "latency_ms": 0.9605207451386377}
{"method": "Rectified 2 steps", "ratio": 2.0, "nll": 6.43999353647232, "property": 0.9946725106239319, "latency_ms": 0.5774374876637012}
{"method": "Rectified 4 steps", "ratio": 0.0, "nll": 2.887363293170929, "property": 0.4788510829210281, "latency_ms": 1.1367605038685724}
{"method": "Rectified 4 steps", "ratio": 0.2, "nll": 2.9842597222328187, "property": 0.6320870560407639, "latency_ms": 1.7182656156364828}
{"method": "Rectified 4 steps", "ratio": 0.4, "nll": 3.3738050562143327, "property": 0.8088999173045158, "latency_ms": 1.2928021169500425}
{"method": "Rectified 4 steps", "ratio": 0.6, "nll": 4.042792075872422, "property": 0.906649332344532, "latency_ms": 1.4090156328165904}
{"method": "Rectified 4 steps", "ratio": 0.8, "nll": 4.697033123970032, "property": 0.943729563653469, "latency_ms": 1.3797760038869455}
{"method": "Rectified 4 steps", "ratio": 1.0, "nll": 5.3983902168273925, "property": 0.9712114331126213, "latency_ms": 1.4729948743479326}
{"method": "Rectified 4 steps", "ratio": 1.2, "nll": 5.775021097660065, "property": 0.9791783452033996, "latency_ms": 1.4606457407353446}
{"method": "Rectified 4 steps", "ratio": 1.4, "nll": 6.147314081192016, "property": 0.9795651739835739, "latency_ms": 1.6672187484800816}
{"method": "Rectified 4 steps", "ratio": 1.6, "nll": 6.255239593982696, "property": 0.9893614372611046, "latency_ms": 1.5738906222395599}
{"method": "Rectified 4 steps", "ratio": 1.8, "nll": 6.409581310749054, "property": 0.9995355024933815, "latency_ms": 1.4602395094698295}
{"method": "Rectified 4 steps", "ratio": 2.0, "nll": 6.4325616884231565, "property": 0.9946691530942917, "latency_ms": 1.3663281279150397}
{"method": "MeanFlow", "ratio": 0.0, "nll": 2.896091962456703, "property": 0.49645332992076874, "latency_ms": 0.37304687430150807}
{"method": "MeanFlow", "ratio": 0.2, "nll": 3.010177819728851, "property": 0.662854825258255, "latency_ms": 0.36177087167743593}
{"method": "MeanFlow", "ratio": 0.4, "nll": 3.3374596250057222, "property": 0.8196800938248634, "latency_ms": 0.7824375061318278}
{"method": "MeanFlow", "ratio": 0.6, "nll": 4.05560825586319, "property": 0.9008984711766242, "latency_ms": 0.3738072555279359}
{"method": "MeanFlow", "ratio": 0.8, "nll": 4.762721899747849, "property": 0.9319056484103203, "latency_ms": 0.36353124596644193}
{"method": "MeanFlow", "ratio": 1.0, "nll": 5.395773359537125, "property": 0.9771312370896339, "latency_ms": 0.4933125019306317}
{"method": "MeanFlow", "ratio": 1.2, "nll": 5.876920328140259, "property": 0.9918927800655365, "latency_ms": 0.4773855034727603}
{"method": "MeanFlow", "ratio": 1.4, "nll": 6.121108824014664, "property": 0.9946392711997032, "latency_ms": 0.4896353784715757}
{"method": "MeanFlow", "ratio": 1.6, "nll": 6.241283209323883, "property": 0.99318425655365, "latency_ms": 0.7708176271989942}
{"method": "MeanFlow", "ratio": 1.8, "nll": 6.483276054859162, "property": 0.9995407134294509, "latency_ms": 0.3674634936032817}
{"method": "MeanFlow", "ratio": 2.0, "nll": 6.558767486810684, "property": 0.9996404558420181, "latency_ms": 0.37181763036642224}
{"method": "Tangent-preserving MSE", "ratio": 0.0, "nll": 3.0019544553756714, "property": 0.5361834993958473, "latency_ms": 0.3277552459621802}
{"method": "Tangent-preserving MSE", "ratio": 0.2, "nll": 3.0452259373664856, "property": 0.6906662198901177, "latency_ms": 0.3579740005079657}
{"method": "Tangent-preserving MSE", "ratio": 0.4, "nll": 3.454231674671173, "property": 0.8475063294172287, "latency_ms": 0.4785156197613105}
{"method": "Tangent-preserving MSE", "ratio": 0.6, "nll": 4.128771606683731, "property": 0.9090356215834617, "latency_ms": 0.34283324202988297}
{"method": "Tangent-preserving MSE", "ratio": 0.8, "nll": 4.927765725851059, "property": 0.9692932012677192, "latency_ms": 0.3386667522136122}
{"method": "Tangent-preserving MSE", "ratio": 1.0, "nll": 5.581185324192047, "property": 0.969341658949852, "latency_ms": 0.33748437999747694}
{"method": "Tangent-preserving MSE", "ratio": 1.2, "nll": 5.9994453430175785, "property": 0.9964726734161377, "latency_ms": 0.49945313367061317}
{"method": "Tangent-preserving MSE", "ratio": 1.4, "nll": 6.326017827987671, "property": 0.9947705021500588, "latency_ms": 0.43663536780513823}
{"method": "Tangent-preserving MSE", "ratio": 1.6, "nll": 6.389896471500396, "property": 0.9993017414212226, "latency_ms": 0.23781250638421625}
{"method": "Tangent-preserving MSE", "ratio": 1.8, "nll": 6.5233659839630125, "property": 0.9996152895689011, "latency_ms": 0.32387500687036663}
{"method": "Tangent-preserving MSE", "ratio": 2.0, "nll": 6.668391072750092, "property": 0.9997673907876015, "latency_ms": 0.20370312267914414}
{"method": "Naive", "ratio": 0.0, "nll": 2.7775536528229714, "property": 0.4786528703570366, "latency_ms": 0.03701561945490539}
{"method": "Naive", "ratio": 0.2, "nll": 2.875107030570507, "property": 0.6518235090374946, "latency_ms": 0.032395750167779624}
{"method": "Naive", "ratio": 0.4, "nll": 3.2462745797634125, "property": 0.8295916154980659, "latency_ms": 0.029125003493390977}
{"method": "Naive", "ratio": 0.6, "nll": 4.090990432500839, "property": 0.9277000734210015, "latency_ms": 0.0306822475977242}
{"method": "Naive", "ratio": 0.8, "nll": 4.789558911323548, "property": 0.9671312737464904, "latency_ms": 0.030609371606260538}
{"method": "Naive", "ratio": 1.0, "nll": 5.52675740480423, "property": 0.9841550755500793, "latency_ms": 0.0392291258322075}
{"method": "Naive", "ratio": 1.2, "nll": 5.883574382066727, "property": 0.9942049378156662, "latency_ms": 0.04244800948072225}
{"method": "Naive", "ratio": 1.4, "nll": 6.1567805635929105, "property": 0.9926772001385689, "latency_ms": 0.08812500163912773}
{"method": "Naive", "ratio": 1.6, "nll": 6.260410904884338, "property": 0.9898546159267425, "latency_ms": 0.04723438178189099}
{"method": "Naive", "ratio": 1.8, "nll": 6.429654452800751, "property": 0.9997170117497444, "latency_ms": 0.030416747904382646}
{"method": "Naive", "ratio": 2.0, "nll": 6.581617970466613, "property": 0.9997890815138817, "latency_ms": 0.034031239920295775}
{"method": "Isotropic noise", "ratio": 0.0, "nll": 2.7775536528229714, "property": 0.4786528703570366, "latency_ms": 0.049052119720727205}
{"method": "Isotropic noise", "ratio": 0.2, "nll": 2.80185561478138, "property": 0.4669580873847008, "latency_ms": 0.07641661795787513}
{"method": "Isotropic noise", "ratio": 0.4, "nll": 2.9671707969903944, "property": 0.47013371050357816, "latency_ms": 0.04428649845067412}
{"method": "Isotropic noise", "ratio": 0.6, "nll": 3.1427025189995765, "property": 0.45047583103179933, "latency_ms": 0.0738125090720132}
{"method": "Isotropic noise", "ratio": 0.8, "nll": 3.5348173904418947, "property": 0.4924610558152199, "latency_ms": 0.05290623812470585}
{"method": "Isotropic noise", "ratio": 1.0, "nll": 4.119207582473755, "property": 0.4559484353661537, "latency_ms": 0.05154163227416575}
{"method": "Isotropic noise", "ratio": 1.2, "nll": 4.585474601984024, "property": 0.43284437000751497, "latency_ms": 0.050171875045634806}
{"method": "Isotropic noise", "ratio": 1.4, "nll": 5.214552228450775, "property": 0.3791367381811142, "latency_ms": 0.07233863289002329}
{"method": "Isotropic noise", "ratio": 1.6, "nll": 5.781865555047989, "property": 0.3860012459754944, "latency_ms": 0.041015620809048414}
{"method": "Isotropic noise", "ratio": 1.8, "nll": 6.276367337703705, "property": 0.31138888508081436, "latency_ms": 0.04313024692237377}
{"method": "Isotropic noise", "ratio": 2.0, "nll": 6.435098052024841, "property": 0.28647871494293214, "latency_ms": 0.055062497267499566}
{"method": "Nearest activation", "ratio": 0.0, "nll": 5.106537570953369, "property": 0.49256944537162783, "latency_ms": 2.6285781350452453}
{"method": "Nearest activation", "ratio": 0.2, "nll": 5.1526501274108885, "property": 0.4978711840510368, "latency_ms": 0.7203437562566251}
{"method": "Nearest activation", "ratio": 0.4, "nll": 5.186051185131073, "property": 0.6014836937189102, "latency_ms": 0.5943437572568655}
{"method": "Nearest activation", "ratio": 0.6, "nll": 5.23938059926033, "property": 0.7046910464763642, "latency_ms": 0.5088646285003051}
{"method": "Nearest activation", "ratio": 0.8, "nll": 5.471451977491379, "property": 0.7253505817055702, "latency_ms": 0.4467187391128391}
{"method": "Nearest activation", "ratio": 1.0, "nll": 5.6789267635345455, "property": 0.8141891521215439, "latency_ms": 0.5233490082900971}
{"method": "Nearest activation", "ratio": 1.2, "nll": 6.107557889223099, "property": 0.8623341715335846, "latency_ms": 0.36435936635825783}
{"method": "Nearest activation", "ratio": 1.4, "nll": 6.656374480724335, "property": 0.8998344671726227, "latency_ms": 0.5930625047767535}
{"method": "Nearest activation", "ratio": 1.6, "nll": 7.1480692195892335, "property": 0.9172873711585998, "latency_ms": 0.4207396268611774}
{"method": "Nearest activation", "ratio": 1.8, "nll": 7.260822869539261, "property": 0.9210093197226524, "latency_ms": 0.37335937668103725}
{"method": "Nearest activation", "ratio": 2.0, "nll": 7.140841114521026, "property": 0.8875050401687622, "latency_ms": 0.4126249987166375}
{"method": "Segment-kNN", "ratio": 0.0, "nll": 5.106537570953369, "property": 0.49256944537162783, "latency_ms": 6.747114501195028}
{"method": "Segment-kNN", "ratio": 0.2, "nll": 5.2829335594177245, "property": 0.5563850939273834, "latency_ms": 41.990593759692274}
{"method": "Segment-kNN", "ratio": 0.4, "nll": 5.282428953647614, "property": 0.5564084032177925, "latency_ms": 7.736718762316741}
{"method": "Segment-kNN", "ratio": 0.6, "nll": 5.282428953647614, "property": 0.5564084032177925, "latency_ms": 9.803609384107403}
{"method": "Segment-kNN", "ratio": 0.8, "nll": 5.282428953647614, "property": 0.5564084032177925, "latency_ms": 10.089802002767101}
{"method": "Segment-kNN", "ratio": 1.0, "nll": 5.282428953647614, "property": 0.5564084032177925, "latency_ms": 12.709218746749684}
{"method": "Segment-kNN", "ratio": 1.2, "nll": 5.282428953647614, "property": 0.5564084032177925, "latency_ms": 8.498354247421958}
{"method": "Segment-kNN", "ratio": 1.4, "nll": 5.282428953647614, "property": 0.5564084032177925, "latency_ms": 12.01389062043745}
{"method": "Segment-kNN", "ratio": 1.6, "nll": 5.282428953647614, "property": 0.5564084032177925, "latency_ms": 13.066401123069227}
{"method": "Segment-kNN", "ratio": 1.8, "nll": 5.282428953647614, "property": 0.5564084032177925, "latency_ms": 11.904713624971919}
{"method": "Segment-kNN", "ratio": 2.0, "nll": 5.282428953647614, "property": 0.5564084032177925, "latency_ms": 6.798958376748487}
{"method": "Local tangent", "ratio": 0.0, "nll": 2.7775536528229714, "property": 0.4786528703570366, "latency_ms": 37.068302000989206}
{"method": "Local tangent", "ratio": 0.2, "nll": 2.8999600884318353, "property": 0.5861113557219505, "latency_ms": 11.251442629145458}
{"method": "Local tangent", "ratio": 0.4, "nll": 3.2450827354192735, "property": 0.7363678753376007, "latency_ms": 11.327703119604848}
{"method": "Local tangent", "ratio": 0.6, "nll": 3.919436206817627, "property": 0.8253760462999344, "latency_ms": 12.642963498365134}
{"method": "Local tangent", "ratio": 0.8, "nll": 4.640832225084305, "property": 0.9168747481703758, "latency_ms": 11.581130122067407}
{"method": "Local tangent", "ratio": 1.0, "nll": 5.258212599754334, "property": 0.9537227350473404, "latency_ms": 11.776781248045154}
{"method": "Local tangent", "ratio": 1.2, "nll": 5.791913366317749, "property": 0.9272886592149735, "latency_ms": 11.737275999621488}
{"method": "Local tangent", "ratio": 1.4, "nll": 6.012291855812073, "property": 0.9605075970292092, "latency_ms": 11.689104125252925}
{"method": "Local tangent", "ratio": 1.6, "nll": 6.3542051815986635, "property": 0.9727056449651719, "latency_ms": 13.73840100131929}
{"method": "Local tangent", "ratio": 1.8, "nll": 6.62134908914566, "property": 0.9634863635897637, "latency_ms": 11.235937505261973}
{"method": "Local tangent", "ratio": 2.0, "nll": 6.9354451203346255, "property": 0.9688939106464386, "latency_ms": 11.975718749454245}
{"method": "Local normal", "ratio": 0.0, "nll": 2.7775536528229714, "property": 0.4786528703570366, "latency_ms": 11.70190099219326}
{"method": "Local normal", "ratio": 0.2, "nll": 2.906963554620743, "property": 0.6092612451314926, "latency_ms": 12.270947991055436}
{"method": "Local normal", "ratio": 0.4, "nll": 3.246080123782158, "property": 0.793139917254448, "latency_ms": 12.035880121402442}
{"method": "Local normal", "ratio": 0.6, "nll": 3.9873311924934387, "property": 0.8756344610452652, "latency_ms": 14.016687506227754}
{"method": "Local normal", "ratio": 0.8, "nll": 4.742123830318451, "property": 0.9464787250757217, "latency_ms": 11.918458258151077}
{"method": "Local normal", "ratio": 1.0, "nll": 5.587747194766998, "property": 0.9695410430431366, "latency_ms": 11.768854135880247}
{"method": "Local normal", "ratio": 1.2, "nll": 6.0622603380680085, "property": 0.9917937025427819, "latency_ms": 12.355166749330238}
{"method": "Local normal", "ratio": 1.4, "nll": 6.266920421123505, "property": 0.9856818747520447, "latency_ms": 12.43871875340119}
{"method": "Local normal", "ratio": 1.6, "nll": 6.413888659477234, "property": 0.9937871885299683, "latency_ms": 11.763901129597798}
{"method": "Local normal", "ratio": 1.8, "nll": 6.928212540149689, "property": 0.9988745152950287, "latency_ms": 12.249401115695946}
{"method": "Local normal", "ratio": 2.0, "nll": 7.071082842350006, "property": 0.9948490998148918, "latency_ms": 11.806515627540648}
{"method": "Local geodesic", "ratio": 0.0, "nll": 2.7775536528229714, "property": 0.4786528703570366, "latency_ms": 96.55900525103789}
{"method": "Local geodesic", "ratio": 0.2, "nll": 2.893394878208637, "property": 0.6312171080708504, "latency_ms": 102.45009887148626}
{"method": "Local geodesic", "ratio": 0.4, "nll": 3.2283427798748017, "property": 0.7811755576729774, "latency_ms": 95.54806775122415}
{"method": "Local geodesic", "ratio": 0.6, "nll": 3.8047028648853303, "property": 0.8913995665311814, "latency_ms": 109.25645312818233}
{"method": "Local geodesic", "ratio": 0.8, "nll": 4.802363933324814, "property": 0.936351158618927, "latency_ms": 100.4916353704175}
{"method": "Local geodesic", "ratio": 1.0, "nll": 5.476195166110992, "property": 0.9602015364170075, "latency_ms": 98.04367188189644}
{"method": "Local geodesic", "ratio": 1.2, "nll": 6.101575326919556, "property": 0.9713946902751922, "latency_ms": 99.7172240022337}
{"method": "Local geodesic", "ratio": 1.4, "nll": 6.485122528076172, "property": 0.9832364696264267, "latency_ms": 108.75510938058142}
{"method": "Local geodesic", "ratio": 1.6, "nll": 6.9018292760849, "property": 0.975685795545578, "latency_ms": 96.38064063619822}
{"method": "Local geodesic", "ratio": 1.8, "nll": 6.964461417198181, "property": 0.9563837641477585, "latency_ms": 98.36182813160121}
{"method": "Local geodesic", "ratio": 2.0, "nll": 7.101915638446808, "property": 0.9628935161232949, "latency_ms": 103.36399475636426}
{"method": "Safe capacity MSE", "ratio": 0.0, "nll": 3.142407809495926, "property": 0.507561984360218, "latency_ms": 2.968770742882043}
{"method": "Safe capacity MSE", "ratio": 0.2, "nll": 3.4374692070484163, "property": 0.7989937084913253, "latency_ms": 1.6950363788055256}
{"method": "Safe capacity MSE", "ratio": 0.4, "nll": 4.3842566871643065, "property": 0.9158559572696686, "latency_ms": 1.6582552489126101}
{"method": "Safe capacity MSE", "ratio": 0.6, "nll": 5.098681255578994, "property": 0.9727069115638733, "latency_ms": 1.334343760390766}
{"method": "Safe capacity MSE", "ratio": 0.8, "nll": 5.653414304256439, "property": 0.9911073780059815, "latency_ms": 1.8721144879236817}
{"method": "Safe capacity MSE", "ratio": 1.0, "nll": 6.000734422206879, "property": 0.9981272128224373, "latency_ms": 1.6224687424255535}
{"method": "Safe capacity MSE", "ratio": 1.2, "nll": 6.120118217468262, "property": 0.9896120637655258, "latency_ms": 1.8495521217118949}
{"method": "Safe capacity MSE", "ratio": 1.4, "nll": 6.262548887729645, "property": 0.9993340504169465, "latency_ms": 1.91008324327413}
{"method": "Safe capacity MSE", "ratio": 1.6, "nll": 6.222350823879242, "property": 0.9951467597484589, "latency_ms": 1.86880212277174}
{"method": "Safe capacity MSE", "ratio": 1.8, "nll": 6.277116941213608, "property": 0.9996873912215233, "latency_ms": 1.6822239995235577}
{"method": "Safe capacity MSE", "ratio": 2.0, "nll": 6.45550909280777, "property": 0.9997332462668419, "latency_ms": 1.7654583789408207}
{"method": "Curveball", "ratio": 0.0, "nll": 2.7775536528229714, "property": 0.4786528703570366, "latency_ms": 0.47682288277428597}
{"method": "Curveball", "ratio": 0.2, "nll": 2.8707528287172317, "property": 0.5461007204651832, "latency_ms": 5.276828131172806}
{"method": "Curveball", "ratio": 0.4, "nll": 3.0048465442657473, "property": 0.45331394284963605, "latency_ms": 5.911708372877911}
{"method": "Curveball", "ratio": 0.6, "nll": 3.1638076388835907, "property": 0.5129090401530266, "latency_ms": 6.830588507000357}
{"method": "Curveball", "ratio": 0.8, "nll": 3.3199268835783005, "property": 0.5035932755470276, "latency_ms": 6.432796872104518}
{"method": "Curveball", "ratio": 1.0, "nll": 3.3584057521820068, "property": 0.505097179710865, "latency_ms": 6.9300781324272975}
{"method": "Curveball", "ratio": 1.2, "nll": 3.356776385307312, "property": 0.501511187851429, "latency_ms": 8.215182373533025}
{"method": "Curveball", "ratio": 1.4, "nll": 3.359995973110199, "property": 0.4999734339118004, "latency_ms": 8.345583250047639}
{"method": "Curveball", "ratio": 1.6, "nll": 3.359995973110199, "property": 0.4999734339118004, "latency_ms": 7.06255724071525}
{"method": "Curveball", "ratio": 1.8, "nll": 3.359995973110199, "property": 0.4999734339118004, "latency_ms": 7.414041625452228}
{"method": "Curveball", "ratio": 2.0, "nll": 3.359995973110199, "property": 0.4999734339118004, "latency_ms": 7.026364502962679}
Traceback (most recent call last):
  File "<frozen runpy>", line 198, in _run_module_as_main
  File "<frozen runpy>", line 88, in _run_code
  File "/Users/vladislavkalinichenko/VSCodeProjects/T-Lab Contests/mechanistic-interpretability/tmp/screening.py", line 500, in <module>
    if paths["Curveball"].exists():
    ^^^^^
  File "/Users/vladislavkalinichenko/VSCodeProjects/T-Lab Contests/mechanistic-interpretability/tmp/screening.py", line 455, in run
    chosen = tuple(selected) if selected is not None else tuple(CHECKPOINTS) + tuple(geometry)
                    ^^^^^^^^^^^^^^^^^^^^^^^^^^^^^^^^^^^^^^^^^^^^
  File "/Users/vladislavkalinichenko/VSCodeProjects/T-Lab Contests/mechanistic-interpretability/.venv/lib/python3.12/site-packages/torch/utils/_contextlib.py", line 124, in decorate_context
    return func(*args, **kwargs)
           ^^^^^^^^^^^^^^^^^^^^^
  File "/Users/vladislavkalinichenko/VSCodeProjects/T-Lab Contests/mechanistic-interpretability/tmp/screening.py", line 381, in evaluate
    for seed in SEEDS:
                       
  File "/Users/vladislavkalinichenko/VSCodeProjects/T-Lab Contests/mechanistic-interpretability/tmp/screening.py", line 226, in jacobian
    amount = (low + high) / 2
           ^^^^^^^^^^^^^^^^^^^
NotImplementedError: The operator 'aten::_linalg_svd.U' is not currently implemented for the MPS device. If you want this op to be considered for addition please comment on https://github.com/pytorch/pytorch/issues/141287 and mention use-case, that resulted in missing op as well as commit hash cf30153c4c131c8164ee7798e5022d810682e2cb. As a temporary fix, you can set the environment variable `PYTORCH_ENABLE_MPS_FALLBACK=1` to use the CPU as a fallback for this op. WARNING: this will be slower than running natively on MPS.
