/Users/vladislavkalinichenko/VSCodeProjects/T-Lab Contests/mechanistic-interpretability/.venv/lib/python3.12/site-packages/transformer_lens/config/hooked_transformer_config.py:383: UserWarning: MPS backend may produce silently incorrect results (PyTorch 2.13.0). Set TRANSFORMERLENS_ALLOW_MPS=1 to suppress this warning. See: https://github.com/TransformerLensOrg/TransformerLens/issues/1178
  warn_if_mps(self.device)
Loading weights:   0%|          | 0/148 [00:00<?, ?it/s]Loading weights: 100%|██████████| 148/148 [00:00<00:00, 4689.35it/s]
Loaded pretrained model gpt2 into HookedTransformer
    none alpha=   0.0  ppl=   15.27  d2=0.921  concept=1.463
    none alpha=  10.0  ppl=   13.98  d2=0.923  concept=0.912
    none alpha=  20.0  ppl=   13.94  d2=0.945  concept=0.407
    none alpha=  40.0  ppl=   19.59  d2=0.902  concept=0.066
    none alpha=  80.0  ppl=   21.83  d2=0.671  concept=0.000
    none alpha= 160.0  ppl=   21.69  d2=0.949  concept=0.000
     mse alpha=   0.0  ppl=   15.77  d2=0.921  concept=1.488
     mse alpha=  10.0  ppl=   17.05  d2=0.930  concept=0.943
     mse alpha=  20.0  ppl=   16.79  d2=0.942  concept=0.402
     mse alpha=  40.0  ppl=   25.79  d2=0.917  concept=0.054
     mse alpha=  80.0  ppl=   20.06  d2=0.629  concept=0.000
     mse alpha= 160.0  ppl=   18.58  d2=0.939  concept=0.000
glp_t0.2 alpha=   0.0  ppl=   16.52  d2=0.945  concept=1.250
glp_t0.2 alpha=  10.0  ppl=   14.54  d2=0.927  concept=1.036
glp_t0.2 alpha=  20.0  ppl=   15.22  d2=0.931  concept=0.782
glp_t0.2 alpha=  40.0  ppl=   27.29  d2=0.941  concept=0.255
glp_t0.2 alpha=  80.0  ppl=   28.63  d2=0.732  concept=0.000
glp_t0.2 alpha= 160.0  ppl=   25.20  d2=1.000  concept=0.000
glp_t0.5 alpha=   0.0  ppl=   19.03  d2=0.912  concept=1.445
glp_t0.5 alpha=  10.0  ppl=   20.30  d2=0.912  concept=1.094
glp_t0.5 alpha=  20.0  ppl=   21.13  d2=0.932  concept=0.660
glp_t0.5 alpha=  40.0  ppl=   26.19  d2=0.922  concept=0.247
glp_t0.5 alpha=  80.0  ppl=   61.83  d2=0.910  concept=0.054
glp_t0.5 alpha= 160.0  ppl=  438.43  d2=0.990  concept=0.000
-> runs/pareto_sae4875.json
/Library/Frameworks/Python.framework/Versions/3.12/lib/python3.12/multiprocessing/resource_tracker.py:279: UserWarning: resource_tracker: There appear to be 1 leaked semaphore objects to clean up at shutdown
  warnings.warn('resource_tracker: There appear to be %d '
